<?xml version="1.0" encoding="utf-8"?><testsuites><testsuite name="pytest" errors="0" failures="0" skipped="0" tests="1" time="0.300" timestamp="2025-12-18T17:24:54.707557+02:00" hostname="DESKTOP-4QV4KAM"><testcase classname="src.tests.test_commands" name="test_post_command_success_and_full_update" time="0.248" /></testsuite></testsuites>